database_main.py __init__ 2026-01-16 20:11:45,331 [INFO] Запускаем базу данных...
database_main.py _init_db 2026-01-16 20:11:45,331 [INFO] Таблица queue загружена...
database_main.py _init_db 2026-01-16 20:11:45,332 [INFO] Таблица с курсами загружена...
database_main.py _init_db 2026-01-16 20:11:45,332 [INFO] Таблица с наценкой загружена...
database_main.py _init_db 2026-01-16 20:11:45,332 [INFO] Таблица с наценкой уже содержит 1 записей, пропуск INSERT
database_main.py _init_db 2026-01-16 20:11:45,332 [INFO] Создали БД! Ну, или проверили что она на месте!
database_main.py __init__ 2026-01-16 20:11:45,333 [INFO] Запускаем базу данных...
database_main.py _init_db 2026-01-16 20:11:45,333 [INFO] Таблица queue загружена...
database_main.py _init_db 2026-01-16 20:11:45,333 [INFO] Таблица с курсами загружена...
database_main.py _init_db 2026-01-16 20:11:45,333 [INFO] Таблица с наценкой загружена...
database_main.py _init_db 2026-01-16 20:11:45,333 [INFO] Таблица с наценкой уже содержит 1 записей, пропуск INSERT
database_main.py _init_db 2026-01-16 20:11:45,333 [INFO] Создали БД! Ну, или проверили что она на месте!
main.py <module> 2026-01-16 20:11:45,335 [INFO] 2change стартует...
main.py <module> 2026-01-16 20:11:45,335 [INFO] Курсики подтянули, запускаемся...
bot_main.py handle 2026-01-16 20:12:09,122 [ERROR] Ошибка в боте: ('Connection aborted.', TimeoutError('The write operation timed out'))
Traceback (most recent call last):
  File "E:\Python\2change\.venv\Lib\site-packages\urllib3\connectionpool.py", line 787, in urlopen
    response = self._make_request(
        conn,
    ...<10 lines>...
        **response_kw,
    )
  File "E:\Python\2change\.venv\Lib\site-packages\urllib3\connectionpool.py", line 493, in _make_request
    conn.request(
    ~~~~~~~~~~~~^
        method,
        ^^^^^^^
    ...<6 lines>...
        enforce_content_length=enforce_content_length,
        ^^^^^^^^^^^^^^^^^^^^^^^^^^^^^^^^^^^^^^^^^^^^^^
    )
    ^
  File "E:\Python\2change\.venv\Lib\site-packages\urllib3\connection.py", line 508, in request
    self.send(chunk)
    ~~~~~~~~~^^^^^^^
  File "C:\Users\mnmsm\AppData\Local\Programs\Python\Python313\Lib\http\client.py", line 1057, in send
    self.sock.sendall(data)
    ~~~~~~~~~~~~~~~~~^^^^^^
  File "C:\Users\mnmsm\AppData\Local\Programs\Python\Python313\Lib\ssl.py", line 1263, in sendall
    v = self.send(byte_view[count:])
  File "C:\Users\mnmsm\AppData\Local\Programs\Python\Python313\Lib\ssl.py", line 1232, in send
    return self._sslobj.write(data)
           ~~~~~~~~~~~~~~~~~~^^^^^^
TimeoutError: The write operation timed out

During handling of the above exception, another exception occurred:

Traceback (most recent call last):
  File "E:\Python\2change\.venv\Lib\site-packages\requests\adapters.py", line 644, in send
    resp = conn.urlopen(
        method=request.method,
    ...<9 lines>...
        chunked=chunked,
    )
  File "E:\Python\2change\.venv\Lib\site-packages\urllib3\connectionpool.py", line 841, in urlopen
    retries = retries.increment(
        method, url, error=new_e, _pool=self, _stacktrace=sys.exc_info()[2]
    )
  File "E:\Python\2change\.venv\Lib\site-packages\urllib3\util\retry.py", line 474, in increment
    raise reraise(type(error), error, _stacktrace)
          ~~~~~~~^^^^^^^^^^^^^^^^^^^^^^^^^^^^^^^^^
  File "E:\Python\2change\.venv\Lib\site-packages\urllib3\util\util.py", line 38, in reraise
    raise value.with_traceback(tb)
  File "E:\Python\2change\.venv\Lib\site-packages\urllib3\connectionpool.py", line 787, in urlopen
    response = self._make_request(
        conn,
    ...<10 lines>...
        **response_kw,
    )
  File "E:\Python\2change\.venv\Lib\site-packages\urllib3\connectionpool.py", line 493, in _make_request
    conn.request(
    ~~~~~~~~~~~~^
        method,
        ^^^^^^^
    ...<6 lines>...
        enforce_content_length=enforce_content_length,
        ^^^^^^^^^^^^^^^^^^^^^^^^^^^^^^^^^^^^^^^^^^^^^^
    )
    ^
  File "E:\Python\2change\.venv\Lib\site-packages\urllib3\connection.py", line 508, in request
    self.send(chunk)
    ~~~~~~~~~^^^^^^^
  File "C:\Users\mnmsm\AppData\Local\Programs\Python\Python313\Lib\http\client.py", line 1057, in send
    self.sock.sendall(data)
    ~~~~~~~~~~~~~~~~~^^^^^^
  File "C:\Users\mnmsm\AppData\Local\Programs\Python\Python313\Lib\ssl.py", line 1263, in sendall
    v = self.send(byte_view[count:])
  File "C:\Users\mnmsm\AppData\Local\Programs\Python\Python313\Lib\ssl.py", line 1232, in send
    return self._sslobj.write(data)
           ~~~~~~~~~~~~~~~~~~^^^^^^
urllib3.exceptions.ProtocolError: ('Connection aborted.', TimeoutError('The write operation timed out'))

During handling of the above exception, another exception occurred:

Traceback (most recent call last):
  File "E:\Python\2change\.venv\Lib\site-packages\telebot\util.py", line 97, in run
    task(*args, **kwargs)
    ~~~~^^^^^^^^^^^^^^^^^
  File "E:\Python\2change\.venv\Lib\site-packages\telebot\__init__.py", line 10134, in _run_middlewares_and_handler
    result = handler['function'](message)
  File "E:\Python\2change\bot_main.py", line 206, in handle_start
    send_media(path=video_path,chat_id=message.chat.id,reply_markup=keyboard,caption=msg)
    ~~~~~~~~~~^^^^^^^^^^^^^^^^^^^^^^^^^^^^^^^^^^^^^^^^^^^^^^^^^^^^^^^^^^^^^^^^^^^^^^^^^^^
  File "E:\Python\2change\bot_main.py", line 116, in send_media
    sent = bot.send_video(chat_id, media, caption=caption, reply_markup=reply_markup, parse_mode=parse_mode)
  File "E:\Python\2change\.venv\Lib\site-packages\telebot\__init__.py", line 3234, in send_video
    apihelper.send_video(
    ~~~~~~~~~~~~~~~~~~~~^
        self.token, chat_id, video,
        ^^^^^^^^^^^^^^^^^^^^^^^^^^^
    ...<6 lines>...
        cover=cover, start_timestamp=start_timestamp, direct_messages_topic_id=direct_messages_topic_id,
        ^^^^^^^^^^^^^^^^^^^^^^^^^^^^^^^^^^^^^^^^^^^^^^^^^^^^^^^^^^^^^^^^^^^^^^^^^^^^^^^^^^^^^^^^^^^^^^^^
        suggested_post_parameters=suggested_post_parameters)
        ^^^^^^^^^^^^^^^^^^^^^^^^^^^^^^^^^^^^^^^^^^^^^^^^^^^^
  File "E:\Python\2change\.venv\Lib\site-packages\telebot\apihelper.py", line 935, in send_video
    return _make_request(token, method_url, params=payload, files=files, method='post')
  File "E:\Python\2change\.venv\Lib\site-packages\telebot\apihelper.py", line 162, in _make_request
    result = _get_req_session().request(
        method, request_url, params=params, files=files,
        timeout=(connect_timeout, read_timeout), proxies=proxy)
  File "E:\Python\2change\.venv\Lib\site-packages\requests\sessions.py", line 589, in request
    resp = self.send(prep, **send_kwargs)
  File "E:\Python\2change\.venv\Lib\site-packages\requests\sessions.py", line 703, in send
    r = adapter.send(request, **kwargs)
  File "E:\Python\2change\.venv\Lib\site-packages\requests\adapters.py", line 659, in send
    raise ConnectionError(err, request=request)
requests.exceptions.ConnectionError: ('Connection aborted.', TimeoutError('The write operation timed out'))
bot_main.py handle 2026-01-16 20:12:50,718 [ERROR] Ошибка в боте: ('Connection aborted.', TimeoutError('The write operation timed out'))
Traceback (most recent call last):
  File "E:\Python\2change\.venv\Lib\site-packages\urllib3\connectionpool.py", line 787, in urlopen
    response = self._make_request(
        conn,
    ...<10 lines>...
        **response_kw,
    )
  File "E:\Python\2change\.venv\Lib\site-packages\urllib3\connectionpool.py", line 493, in _make_request
    conn.request(
    ~~~~~~~~~~~~^
        method,
        ^^^^^^^
    ...<6 lines>...
        enforce_content_length=enforce_content_length,
        ^^^^^^^^^^^^^^^^^^^^^^^^^^^^^^^^^^^^^^^^^^^^^^
    )
    ^
  File "E:\Python\2change\.venv\Lib\site-packages\urllib3\connection.py", line 508, in request
    self.send(chunk)
    ~~~~~~~~~^^^^^^^
  File "C:\Users\mnmsm\AppData\Local\Programs\Python\Python313\Lib\http\client.py", line 1057, in send
    self.sock.sendall(data)
    ~~~~~~~~~~~~~~~~~^^^^^^
  File "C:\Users\mnmsm\AppData\Local\Programs\Python\Python313\Lib\ssl.py", line 1263, in sendall
    v = self.send(byte_view[count:])
  File "C:\Users\mnmsm\AppData\Local\Programs\Python\Python313\Lib\ssl.py", line 1232, in send
    return self._sslobj.write(data)
           ~~~~~~~~~~~~~~~~~~^^^^^^
TimeoutError: The write operation timed out

During handling of the above exception, another exception occurred:

Traceback (most recent call last):
  File "E:\Python\2change\.venv\Lib\site-packages\requests\adapters.py", line 644, in send
    resp = conn.urlopen(
        method=request.method,
    ...<9 lines>...
        chunked=chunked,
    )
  File "E:\Python\2change\.venv\Lib\site-packages\urllib3\connectionpool.py", line 841, in urlopen
    retries = retries.increment(
        method, url, error=new_e, _pool=self, _stacktrace=sys.exc_info()[2]
    )
  File "E:\Python\2change\.venv\Lib\site-packages\urllib3\util\retry.py", line 474, in increment
    raise reraise(type(error), error, _stacktrace)
          ~~~~~~~^^^^^^^^^^^^^^^^^^^^^^^^^^^^^^^^^
  File "E:\Python\2change\.venv\Lib\site-packages\urllib3\util\util.py", line 38, in reraise
    raise value.with_traceback(tb)
  File "E:\Python\2change\.venv\Lib\site-packages\urllib3\connectionpool.py", line 787, in urlopen
    response = self._make_request(
        conn,
    ...<10 lines>...
        **response_kw,
    )
  File "E:\Python\2change\.venv\Lib\site-packages\urllib3\connectionpool.py", line 493, in _make_request
    conn.request(
    ~~~~~~~~~~~~^
        method,
        ^^^^^^^
    ...<6 lines>...
        enforce_content_length=enforce_content_length,
        ^^^^^^^^^^^^^^^^^^^^^^^^^^^^^^^^^^^^^^^^^^^^^^
    )
    ^
  File "E:\Python\2change\.venv\Lib\site-packages\urllib3\connection.py", line 508, in request
    self.send(chunk)
    ~~~~~~~~~^^^^^^^
  File "C:\Users\mnmsm\AppData\Local\Programs\Python\Python313\Lib\http\client.py", line 1057, in send
    self.sock.sendall(data)
    ~~~~~~~~~~~~~~~~~^^^^^^
  File "C:\Users\mnmsm\AppData\Local\Programs\Python\Python313\Lib\ssl.py", line 1263, in sendall
    v = self.send(byte_view[count:])
  File "C:\Users\mnmsm\AppData\Local\Programs\Python\Python313\Lib\ssl.py", line 1232, in send
    return self._sslobj.write(data)
           ~~~~~~~~~~~~~~~~~~^^^^^^
urllib3.exceptions.ProtocolError: ('Connection aborted.', TimeoutError('The write operation timed out'))

During handling of the above exception, another exception occurred:

Traceback (most recent call last):
  File "E:\Python\2change\.venv\Lib\site-packages\telebot\util.py", line 97, in run
    task(*args, **kwargs)
    ~~~~^^^^^^^^^^^^^^^^^
  File "E:\Python\2change\.venv\Lib\site-packages\telebot\__init__.py", line 10134, in _run_middlewares_and_handler
    result = handler['function'](message)
  File "E:\Python\2change\bot_main.py", line 206, in handle_start
    send_media(path=video_path,chat_id=message.chat.id,reply_markup=keyboard,caption=msg)
    ~~~~~~~~~~^^^^^^^^^^^^^^^^^^^^^^^^^^^^^^^^^^^^^^^^^^^^^^^^^^^^^^^^^^^^^^^^^^^^^^^^^^^
  File "E:\Python\2change\bot_main.py", line 116, in send_media
    sent = bot.send_video(chat_id, media, caption=caption, reply_markup=reply_markup, parse_mode=parse_mode)
  File "E:\Python\2change\.venv\Lib\site-packages\telebot\__init__.py", line 3234, in send_video
    apihelper.send_video(
    ~~~~~~~~~~~~~~~~~~~~^
        self.token, chat_id, video,
        ^^^^^^^^^^^^^^^^^^^^^^^^^^^
    ...<6 lines>...
        cover=cover, start_timestamp=start_timestamp, direct_messages_topic_id=direct_messages_topic_id,
        ^^^^^^^^^^^^^^^^^^^^^^^^^^^^^^^^^^^^^^^^^^^^^^^^^^^^^^^^^^^^^^^^^^^^^^^^^^^^^^^^^^^^^^^^^^^^^^^^
        suggested_post_parameters=suggested_post_parameters)
        ^^^^^^^^^^^^^^^^^^^^^^^^^^^^^^^^^^^^^^^^^^^^^^^^^^^^
  File "E:\Python\2change\.venv\Lib\site-packages\telebot\apihelper.py", line 935, in send_video
    return _make_request(token, method_url, params=payload, files=files, method='post')
  File "E:\Python\2change\.venv\Lib\site-packages\telebot\apihelper.py", line 162, in _make_request
    result = _get_req_session().request(
        method, request_url, params=params, files=files,
        timeout=(connect_timeout, read_timeout), proxies=proxy)
  File "E:\Python\2change\.venv\Lib\site-packages\requests\sessions.py", line 589, in request
    resp = self.send(prep, **send_kwargs)
  File "E:\Python\2change\.venv\Lib\site-packages\requests\sessions.py", line 703, in send
    r = adapter.send(request, **kwargs)
  File "E:\Python\2change\.venv\Lib\site-packages\requests\adapters.py", line 659, in send
    raise ConnectionError(err, request=request)
requests.exceptions.ConnectionError: ('Connection aborted.', TimeoutError('The write operation timed out'))
__init__.py infinity_polling 2026-01-16 20:14:11,605 [ERROR] Infinity polling: polling exited
__init__.py infinity_polling 2026-01-16 20:14:11,606 [ERROR] Break infinity polling
